2026-06-03 10:27:50.411 | DEBUG    | __main__:<module>:387 - 3
2026-06-03 10:27:50.412 | DEBUG    | __main__:<module>:390 - 1
2026-06-03 10:28:26.913 | DEBUG    | GoG.kg_interface:_build_nx_graphs:231 - Built NetworkX graphs for fb15k_237
2026-06-03 10:28:27.086 | INFO     | GoG.kg_interface:__init__:80 - Initialized KG Interface for dataset: fb15k_237
2026-06-03 10:28:27.086 | INFO     | GoG.kg_interface:__init__:81 - Complete graph: 204086 triples
2026-06-03 10:28:27.086 | INFO     | GoG.kg_interface:__init__:82 - Incomplete graph: 198182 triples
2026-06-03 10:28:27.086 | INFO     | GoG.kg_interface:__init__:83 - Relations: 237 (optional)
2026-06-03 10:28:27.087 | INFO     | GoG.kg_interface:__init__:84 - Entities: 14541 (optional)
2026-06-03 10:28:27.169 | INFO     | GoG.kg_interface:__init__:85 - NetworkX Complete Graph - Nodes: 14272, Edges: 204086
2026-06-03 10:28:27.257 | INFO     | GoG.kg_interface:__init__:86 - NetworkX Incomplete Graph - Nodes: 14272, Edges: 198182
2026-06-03 10:28:30.572 | INFO     | GoG.GoG_env_tools:__init__:71 - Initialized KGInterface with dataset: fb15k_237
2026-06-03 10:28:30.575 | DEBUG    | __main__:find_answer:75 - 0, 0
2026-06-03 10:28:30.575 | INFO     | __main__:find_answer:100 - -----------
2026-06-03 10:28:30.576 | INFO     | __main__:find_answer:101 - Process query 0 ...
2026-06-03 10:28:30.576 | INFO     | __main__:find_answer:117 - Question: What is the position of 4565 in the current roster of the football team?
2026-06-03 10:28:32.142 | DEBUG    | __main__:find_answer:174 - Thought 1: I need to search for entity 4565 to find out what position it holds in the current roster of the football team.  
2026-06-03 10:28:32.143 | DEBUG    | __main__:find_answer:175 - Action 1: Search[4565]
2026-06-03 10:28:32.143 | DEBUG    | GoG.GoG_env_tools:step:193 - Search[4565]
2026-06-03 10:28:32.143 | DEBUG    | GoG.GoG_env_tools:step:198 - Result: <re.Match object; span=(0, 12), match='Search[4565]'>
2026-06-03 10:28:32.143 | INFO     | GoG.GoG_env_tools:step:202 - Action: search, Parameter: [4565]
2026-06-03 10:28:33.183 | DEBUG    | __main__:find_answer:216 - 13287, sports.sports_team_roster.team, 4565
2529, sports.sports_team_roster.team, 4565
3728, sports.sports_team_roster.team, 4565
4565, american_football.sports_team_roster.position, 10804
4565, american_football.sports_team_roster.position, 11200
4565, american_football.sports_team_roster.position, 2234
4565, american_football.sports_team_roster.position, 590
4565, american_football.sports_team_roster.position, 7227
4565, sports.football_roster_position.position, 10804
4565, sports.football_roster_position.position, 1637
4565, sports.football_roster_position.position, 2234
4565, sports.football_roster_position.position, 2529
4565, sports.football_roster_position.position, 3728
4574, sports.sports_team_roster.team, 4565
7227, sports.sports_team_roster.team, 4565
2026-06-03 10:28:33.183 | DEBUG    | __main__:find_answer:220 - Thought 1: I need to search for entity 4565 to find out what position it holds in the current roster of the football team.  
Action 1: Search[4565]
Observation 1: 13287, sports.sports_team_roster.team, 4565
2529, sports.sports_team_roster.team, 4565
3728, sports.sports_team_roster.team, 4565
4565, american_football.sports_team_roster.position, 10804
4565, american_football.sports_team_roster.position, 11200
4565, american_football.sports_team_roster.position, 2234
4565, american_football.sports_team_roster.position, 590
4565, american_football.sports_team_roster.position, 7227
4565, sports.football_roster_position.position, 10804
4565, sports.football_roster_position.position, 1637
4565, sports.football_roster_position.position, 2234
4565, sports.football_roster_position.position, 2529
4565, sports.football_roster_position.position, 3728
4574, sports.sports_team_roster.team, 4565
7227, sports.sports_team_roster.team, 4565

2026-06-03 10:28:34.758 | DEBUG    | __main__:find_answer:174 - Thought 2: The search for entity 4565 has returned multiple positions associated with it in the football team roster. I need to identify the specific positions that 4565 holds in the current roster. 
2026-06-03 10:28:34.759 | DEBUG    | __main__:find_answer:175 - Action 2: Finish[10804 | 11200 | 2234 | 590 | 7227 | 1637 | 2529 | 3728]
2026-06-03 10:28:34.759 | DEBUG    | __main__:find_answer:179 - Match  
2026-06-03 10:28:34.759 | INFO     | __main__:find_answer:206 - Finish query 0 with KG, prediction: ['10804', '11200', '2234', '590', '7227', '1637', '2529', '3728']
2026-06-03 10:28:34.759 | INFO     | __main__:write_results:69 - Finished query 10: generate_call_count=0
2026-06-03 10:28:34.760 | INFO     | __main__:find_answer:229 - ground truth: ['2234', '2529', '590', '6727', '10804', '11200', '7227', '3728']
2026-06-03 10:28:34.760 | INFO     | __main__:find_answer:100 - -----------
2026-06-03 10:28:34.760 | INFO     | __main__:find_answer:101 - Process query 1 ...
2026-06-03 10:28:34.760 | INFO     | __main__:find_answer:117 - Question: What is the position of 5277 in the current roster of the football team?
2026-06-03 10:28:35.663 | DEBUG    | __main__:find_answer:174 - Thought 1: I need to search for entity 5277 to find out its position in the current roster of the football team.  
2026-06-03 10:28:35.663 | DEBUG    | __main__:find_answer:175 - Action 1: Search[5277]
2026-06-03 10:28:35.663 | DEBUG    | GoG.GoG_env_tools:step:193 - Search[5277]
2026-06-03 10:28:35.663 | DEBUG    | GoG.GoG_env_tools:step:198 - Result: <re.Match object; span=(0, 12), match='Search[5277]'>
2026-06-03 10:28:35.663 | INFO     | GoG.GoG_env_tools:step:202 - Action: search, Parameter: [5277]
2026-06-03 10:28:36.669 | DEBUG    | __main__:find_answer:216 - 12090, sports.sports_team_roster.team, 5277
1637, sports.sports_team_roster.team, 5277
1837, sports.sports_team_roster.team, 5277
3728, sports.sports_team_roster.team, 5277
5277, american_football.sports_team_roster.position, 13287
5277, american_football.sports_team_roster.position, 1837
5277, american_football.sports_team_roster.position, 2234
5277, american_football.sports_team_roster.position, 2529
5277, american_football.sports_team_roster.position, 6727
5277, sports.football_roster_position.position, 10804
5277, sports.football_roster_position.position, 12090
5277, sports.football_roster_position.position, 13287
5277, sports.football_roster_position.position, 1637
5277, sports.football_roster_position.position, 2234
590, sports.sports_team_roster.team, 5277
2026-06-03 10:28:36.669 | DEBUG    | __main__:find_answer:220 - Thought 1: I need to search for entity 5277 to find out its position in the current roster of the football team.  
Action 1: Search[5277]
Observation 1: 12090, sports.sports_team_roster.team, 5277
1637, sports.sports_team_roster.team, 5277
1837, sports.sports_team_roster.team, 5277
3728, sports.sports_team_roster.team, 5277
5277, american_football.sports_team_roster.position, 13287
5277, american_football.sports_team_roster.position, 1837
5277, american_football.sports_team_roster.position, 2234
5277, american_football.sports_team_roster.position, 2529
5277, american_football.sports_team_roster.position, 6727
5277, sports.football_roster_position.position, 10804
5277, sports.football_roster_position.position, 12090
5277, sports.football_roster_position.position, 13287
5277, sports.football_roster_position.position, 1637
5277, sports.football_roster_position.position, 2234
590, sports.sports_team_roster.team, 5277

2026-06-03 10:28:38.465 | DEBUG    | __main__:find_answer:174 - Thought 2: The search for entity 5277 has returned multiple positions associated with it in the football team roster. The positions are represented by various IDs, including 13287, 1837, 2234, 2529, 6727, 10804, and 12090. I need to determine which of these IDs corresponds to a specific position in the current roster.
2026-06-03 10:28:38.465 | DEBUG    | __main__:find_answer:175 - Action 2: Finish[13287 | 1837 | 2234 | 2529 | 6727 | 10804 | 12090]
2026-06-03 10:28:38.465 | DEBUG    | __main__:find_answer:179 - Match  
2026-06-03 10:28:38.465 | INFO     | __main__:find_answer:206 - Finish query 1 with KG, prediction: ['13287', '1837', '2234', '2529', '6727', '10804', '12090']
2026-06-03 10:28:38.466 | INFO     | __main__:write_results:69 - Finished query 11: generate_call_count=0
2026-06-03 10:28:38.466 | INFO     | __main__:find_answer:229 - ground truth: ['3728', '12090', '2234', '590', '1837', '2529', '13287', '1637', '6727', '11200', '7227', '10804']
2026-06-03 10:28:38.466 | INFO     | __main__:find_answer:100 - -----------
2026-06-03 10:28:38.467 | INFO     | __main__:find_answer:101 - Process query 2 ...
2026-06-03 10:28:38.467 | INFO     | __main__:find_answer:117 - Question: What is the position of the current roster player in the football team 5788?
2026-06-03 10:28:39.520 | DEBUG    | __main__:find_answer:174 - Thought 1: I need to search for the football team 5788 to find information about its current roster players and their positions.  
2026-06-03 10:28:39.520 | DEBUG    | __main__:find_answer:175 - Action 1: Search[5788]
2026-06-03 10:28:39.520 | DEBUG    | GoG.GoG_env_tools:step:193 - Search[5788]
2026-06-03 10:28:39.520 | DEBUG    | GoG.GoG_env_tools:step:198 - Result: <re.Match object; span=(0, 12), match='Search[5788]'>
2026-06-03 10:28:39.520 | INFO     | GoG.GoG_env_tools:step:202 - Action: search, Parameter: [5788]
2026-06-03 10:28:40.635 | DEBUG    | __main__:find_answer:216 - 11200, sports.sports_team_roster.team, 5788
12090, sports.sports_team_roster.team, 5788
13110, sports.sports_team_roster.team, 5788
1637, sports.sports_team_roster.team, 5788
5788, american_football.sports_team_roster.position, 12090
5788, american_football.sports_team_roster.position, 13287
5788, american_football.sports_team_roster.position, 1837
5788, american_football.sports_team_roster.position, 2529
5788, american_football.sports_team_roster.position, 590
5788, sports.football_roster_position.position, 10804
5788, sports.football_roster_position.position, 11200
5788, sports.football_roster_position.position, 13287
5788, sports.football_roster_position.position, 2529
5788, sports.football_roster_position.position, 6727
6727, sports.sports_team_roster.team, 5788
2026-06-03 10:28:40.635 | DEBUG    | __main__:find_answer:220 - Thought 1: I need to search for the football team 5788 to find information about its current roster players and their positions.  
Action 1: Search[5788]
Observation 1: 11200, sports.sports_team_roster.team, 5788
12090, sports.sports_team_roster.team, 5788
13110, sports.sports_team_roster.team, 5788
1637, sports.sports_team_roster.team, 5788
5788, american_football.sports_team_roster.position, 12090
5788, american_football.sports_team_roster.position, 13287
5788, american_football.sports_team_roster.position, 1837
5788, american_football.sports_team_roster.position, 2529
5788, american_football.sports_team_roster.position, 590
5788, sports.football_roster_position.position, 10804
5788, sports.football_roster_position.position, 11200
5788, sports.football_roster_position.position, 13287
5788, sports.football_roster_position.position, 2529
5788, sports.football_roster_position.position, 6727
6727, sports.sports_team_roster.team, 5788

2026-06-03 10:28:42.707 | DEBUG    | __main__:find_answer:174 - Thought 2: The search results indicate that there are multiple roster players associated with the football team 5788, but I need to identify their specific positions. The positions are linked to various IDs, and I need to explore these IDs to find out the actual positions of the current roster players. 
2026-06-03 10:28:42.708 | DEBUG    | __main__:find_answer:175 - Action 2: Search[12090 | 13287 | 1837 | 2529 | 590 | 10804 | 6727]
2026-06-03 10:28:42.708 | DEBUG    | GoG.GoG_env_tools:step:193 - Search[12090 | 13287 | 1837 | 2529 | 590 | 10804 | 6727]
2026-06-03 10:28:42.708 | DEBUG    | GoG.GoG_env_tools:step:198 - Result: <re.Match object; span=(0, 56), match='Search[12090 | 13287 | 1837 | 2529 | 590 | 10804 >
2026-06-03 10:28:42.708 | INFO     | GoG.GoG_env_tools:step:202 - Action: search, Parameter: [12090 | 13287 | 1837 | 2529 | 590 | 10804 | 6727]
